<?xml version="1.0" encoding="utf-8"?><testsuites><testsuite name="pytest" errors="0" failures="0" skipped="0" tests="0" time="0.853" timestamp="2025-07-22T23:54:24.638560-05:00" hostname="Mac.lan" /></testsuites>