<?xml version="1.0" encoding="utf-8"?><testsuites><testsuite name="pytest" errors="0" failures="0" skipped="1" tests="38" time="7.921" timestamp="2025-07-23T15:33:50.374885-05:00" hostname="Mac.lan"><testcase classname="integration.test_basic_connection_mock" name="test_basic_connection_mock" time="0.175" /><testcase classname="integration.test_basic_connection_mock" name="test_event_system_basic" time="0.141" /><testcase classname="integration.test_basic_connection_mock" name="test_connection_lifecycle_mock" time="0.141" /><testcase classname="integration.test_complete_workflows.TestCompleteWorkflows" name="test_full_connection_lifecycle" time="0.549" /><testcase classname="integration.test_complete_workflows.TestCompleteWorkflows" name="test_connection_recovery_after_network_failure" time="0.452" /><testcase classname="integration.test_complete_workflows.TestCompleteWorkflows" name="test_authentication_events_trigger_connection_updates" time="0.188" /><testcase classname="integration.test_complete_workflows.TestCompleteWorkflows" name="test_concurrent_operations" time="0.137" /><testcase classname="integration.test_complete_workflows.TestCompleteWorkflows" name="test_subscription_lifecycle" time="0.388" /><testcase classname="integration.test_complete_workflows.TestCompleteWorkflows" name="test_reducer_call_workflow" time="0.660" /><testcase classname="integration.test_complete_workflows.TestCompleteWorkflows" name="test_error_propagation_through_layers" time="0.211" /><testcase classname="integration.test_complete_workflows.TestCompleteWorkflows" name="test_graceful_shutdown" time="0.346" /><testcase classname="integration.test_complete_workflows.TestEdgeCaseWorkflows" name="test_rapid_connect_disconnect_cycles" time="0.828" /><testcase classname="integration.test_complete_workflows.TestEdgeCaseWorkflows" name="test_connection_during_shutdown" time="0.169" /><testcase classname="integration.test_cross_component.TestCrossComponentIntegration" name="test_event_system_integration" time="0.136" /><testcase classname="integration.test_cross_component.TestCrossComponentIntegration" name="test_auth_handler_integration" time="0.147" /><testcase classname="integration.test_cross_component.TestCrossComponentIntegration" name="test_websocket_event_integration" time="0.134" /><testcase classname="integration.test_cross_component.TestCrossComponentIntegration" name="test_error_propagation_between_components" time="0.148" /><testcase classname="integration.test_cross_component.TestCrossComponentIntegration" name="test_concurrent_component_operations" time="0.138" /><testcase classname="integration.test_cross_component.TestCrossComponentIntegration" name="test_component_lifecycle_coordination" time="0.197" /><testcase classname="integration.test_cross_component.TestCrossComponentIntegration" name="test_message_flow_through_components" time="0.132" /><testcase classname="integration.test_cross_component.TestCrossComponentIntegration" name="test_component_state_synchronization" time="0.135" /><testcase classname="integration.test_cross_component.TestComplexScenarios" name="test_cascading_component_failure" time="0.133" /><testcase classname="integration.test_simple_connection.TestSimpleConnection" name="test_mock_connection_prevents_real_network" time="0.145" /><testcase classname="integration.test_simple_connection.TestSimpleConnection" name="test_mock_connection_triggers_events" time="0.147" /><testcase classname="integration.test_simple_connection.TestSimpleConnection" name="test_connection_lifecycle_sequence" time="0.154" /><testcase classname="test_v112_identity.TestIdentityParameter" name="test_identity_in_url_construction" time="0.071" /><testcase classname="test_v112_identity.TestIdentityParameter" name="test_identity_fallback_to_database_address" time="0.062" /><testcase classname="test_v112_identity.TestIdentityParameter" name="test_identity_with_different_formats" time="0.133" /><testcase classname="test_v112_identity.TestIdentityInConnectionMethods" name="test_connect_class_method_with_identity" time="0.055" /><testcase classname="test_v112_identity.TestIdentityInConnectionMethods" name="test_builder_without_identity_uses_module_name" time="0.060" /><testcase classname="test_v112_identity.TestIdentityValidation" name="test_invalid_database_name_characters" time="0.031" /><testcase classname="test_v112_identity.TestIdentityValidation" name="test_empty_identity_and_database_address" time="0.030" /><testcase classname="test_v112_identity.TestIdentityValidation" name="test_identity_priority_over_database_address" time="0.057" /><testcase classname="test_v112_identity.TestIdentityErrorMessages" name="test_database_not_found_error" time="0.016"><skipped type="pytest.skip" message="Mock infrastructure always succeeds - core validation functionality is working correctly">/Users/punk1290/git/spacetimedb-python-sdk/tests/test_v112_identity.py:259: Mock infrastructure always succeeds - core validation functionality is working correctly</skipped></testcase><testcase classname="test_v112_identity.TestIdentityWithSSL" name="test_ssl_url_with_identity" time="0.064" /><testcase classname="test_v112_integration.TestAuthenticationScenarios" name="test_invalid_token_rejection" time="0.253" /><testcase classname="test_v112_integration.TestAuthenticationScenarios" name="test_missing_token_rejection" time="0.244" /><testcase classname="test_v112_integration.TestAuthenticationScenarios" name="test_valid_token_authentication" time="0.643" /></testsuite></testsuites>